// Jest Snapshot v1, https://goo.gl/fbAQLP

exports[`should render EditExpense page correctly 1`] = `
<div>
  <ExpenseForm
    expense={
      Object {
        "amount": 600,
        "createdAt": 345600000,
        "description": "Blood Orange Gose",
        "id": "3",
        "note": "tasty!",
      }
    }
    onSubmit={[Function]}
  />
  <button
    className="button"
    onClick={[Function]}
  >
    Remove
  </button>
</div>
`;
